python : Traceback (most recent call last):
En línea: 1 Carácter: 32
+ ... NG="utf-8"; python test_pts_features_complete_flow.py > test_output.t ...
+                 ~~~~~~~~~~~~~~~~~~~~~~~~~~~~~~~~~~~~~~~~~~~~~~~~~~~~~~~~~
    + CategoryInfo          : NotSpecified: (Traceback (most recent call last) 
   ::String) [], RemoteException
    + FullyQualifiedErrorId : NativeCommandError
 
  File "C:\Users\edwar\AppData\Local\Programs\Python\Python310\lib\site-package
s\pandas\core\indexes\base.py", line 3812, in get_loc
    return self._engine.get_loc(casted_key)
  File "pandas/_libs/index.pyx", line 167, in 
pandas._libs.index.IndexEngine.get_loc
  File "pandas/_libs/index.pyx", line 196, in 
pandas._libs.index.IndexEngine.get_loc
  File "pandas/_libs/hashtable_class_helper.pxi", line 7088, in 
pandas._libs.hashtable.PyObjectHashTable.get_item
  File "pandas/_libs/hashtable_class_helper.pxi", line 7096, in 
pandas._libs.hashtable.PyObjectHashTable.get_item
KeyError: 'player_overall_avg'

The above exception was the direct cause of the following exception:

Traceback (most recent call last):
  File 
"C:\Users\edwar\Downloads\IABETOFFICIAL\test_pts_features_complete_flow.py", 
line 323, in test_complete_pts_feature_flow
    generated_features = 
feature_engineer.generate_all_features(df_with_features)
  File "C:\Users\edwar\Downloads\IABETOFFICIAL\app\architectures\basketball\src
\models\players\pts\features_pts.py", line 183, in generate_all_features
    self._generate_advanced_context_features(df)
  File "C:\Users\edwar\Downloads\IABETOFFICIAL\app\architectures\basketball\src
\models\players\pts\features_pts.py", line 943, in 
_generate_advanced_context_features
    df['home_away_diff'] / df['player_overall_avg'],  # Ratio de ventaja en 
casa
  File "C:\Users\edwar\AppData\Local\Programs\Python\Python310\lib\site-package
s\pandas\core\frame.py", line 4107, in __getitem__
    indexer = self.columns.get_loc(key)
  File "C:\Users\edwar\AppData\Local\Programs\Python\Python310\lib\site-package
s\pandas\core\indexes\base.py", line 3819, in get_loc
    raise KeyError(key) from err
KeyError: 'player_overall_avg'

    ========================================================================
    
       TEST COMPLETO DE FEATURE ENGINEERING - POINTS MODEL
    
       Este script verifica exhaustivamente:
       - Carga de datos
       - Generacion de features
       - Integridad de indices
       - Calidad de datos
       - Preparacion para modelo
    
    ========================================================================
    

================================================================================
­ƒöì INICIO DE TEST COMPLETO - POINTS FEATURE ENGINEERING
================================================================================
Timestamp: 2025-10-23 20:39:50

================================================================================
­ƒöì PASO 1: CARGA DE DATOS
================================================================================
Inicializando NBADataLoader...
Cargando datasets...

Ô£à Datasets cargados exitosamente
   Total datasets: 4
   - players: (91824, 74)
   - total_teams: (5252, 91)
   - players_quarters: (367296, 69)
   - biometrics: (21008, 82)

================================================================================
­ƒöì PASO 2: PREPARACI├ôN DE DATOS
================================================================================

­ƒö╣ Players DataFrame (ORIGINAL)
   Shape: (91824, 74)
   Index type: <class 'pandas.core.indexes.range.RangeIndex'>
   Index name: None
   Columns: 74
   Memory usage: 88.91 MB
   ÔÜá´©Å  NaN values found:
      - primary_position: 179 (0.19%)
   Ô£à No duplicate indices

   Data types:
      - int64: 41 columns
      - float64: 23 columns
      - object: 7 columns
      - bool: 2 columns
      - datetime64[ns]: 1 columns

   Sample (first 3 rows):
                              player_id       player  jersey_number position primary_position Team  Opp  is_home       Date                               game_id  minutes  field_goals_made  field_goals_att  field_goals_pct  three_points_made  three_points_att  three_points_pct  two_points_made  two_points_att  two_points_pct  blocked_att  free_throws_made  free_throws_att  free_throws_pct  offensive_rebounds  defensive_rebounds  rebounds  assists  turnovers  steals  blocks  assists_turnover_ratio  personal_fouls  tech_fouls  flagrant_fouls  pls_min  points  tech_fouls_non_unsportsmanlike  double_double  triple_double  effective_fg_pct  efficiency  efficiency_game_score  fouls_drawn  offensive_fouls  points_in_paint  points_in_paint_att  points_in_paint_made  points_in_paint_pct  points_off_turnovers  true_shooting_att  true_shooting_pct  coach_ejections  coach_tech_fouls  second_chance_pts  second_chance_pct  fast_break_pts  fast_break_att  fast_break_made  fast_break_pct  minus  plus  defensive_rebounds_pct  offensive_rebounds_pct  rebounds_pct  steals_pct  turnovers_pct  second_chance_att  second_chance_made  defensive_rating  offensive_rating  Height_Inches  Weight        BMI
0  6bc71e02-9a03-40db-aed4-332ab5193336  A.J. Lawson              9        G               SG  DAL  SAS        0 2023-10-26  298c6a8b-067b-4276-a199-288b050e150a      0.0                 0                0              0.0                  0                 0               0.0                0               0             0.0            0                 0                0              0.0                   0                   0         0        0          0       0       0                     0.0               0           0               0        0       0                               0          False          False               0.0           0                    0.0            0                0                0                    0                     0                  0.0                     0                0.0                0.0                0                 0                  0                0.0               0               0                0             0.0      0     0                     0.0                     0.0           0.0         0.0            0.0                  0                   0               0.0               0.0           78.0   179.0  20.685298
1  6bc71e02-9a03-40db-aed4-332ab5193336  A.J. Lawson              9        G               SG  DAL  BKN        1 2023-10-28  bde50f2c-675d-495e-91e7-5a5ae1a5c1e2      0.0                 0                0              0.0                  0                 0               0.0                0               0             0.0            0                 0                0              0.0                   0                   0         0        0          0       0       0                     0.0               0           0               0        0       0                               0          False          False               0.0           0                    0.0            0                0                0                    0                     0                  0.0                     0                0.0                0.0                0                 0                  0                0.0               0               0                0             0.0      0     0                     0.0                     0.0           0.0         0.0            0.0                  0                   0               0.0               0.0           78.0   179.0  20.685298
2  6bc71e02-9a03-40db-aed4-332ab5193336  A.J. Lawson              9        G               SG  DAL  MEM        0 2023-10-31  4350700b-55bd-427a-bb4e-aed47fb07167      0.0                 0                0              0.0                  0                 0               0.0                0               0             0.0            0                 0                0              0.0                   0                   0         0        0          0       0       0                     0.0               0           0               0        0       0                               0          False          False               0.0           0                    0.0            0                0                0                    0                     0                  0.0                     0                0.0                0.0                0                 0                  0                0.0               0               0                0             0.0      0     0                     0.0                     0.0           0.0         0.0            0.0                  0                   0               0.0               0.0           78.0   179.0  20.685298

   Index sample (first 5):
[0, 1, 2, 3, 4]

ÔöÇÔöÇÔöÇÔöÇÔöÇÔöÇÔöÇÔöÇÔöÇÔöÇÔöÇÔöÇÔöÇÔöÇÔöÇÔöÇÔöÇÔöÇÔöÇÔöÇÔöÇÔöÇÔöÇÔöÇÔöÇÔöÇÔöÇÔöÇÔöÇÔöÇÔöÇÔöÇÔöÇÔöÇÔöÇÔöÇÔöÇÔöÇÔöÇÔöÇÔöÇÔöÇÔöÇÔöÇÔöÇÔöÇÔöÇÔöÇÔöÇÔöÇÔöÇÔöÇÔöÇÔöÇÔöÇÔöÇÔöÇÔöÇÔöÇÔöÇÔöÇÔöÇÔöÇÔöÇÔöÇÔöÇÔöÇÔöÇÔöÇÔöÇÔöÇÔöÇÔöÇÔöÇÔöÇÔöÇÔöÇÔöÇÔöÇÔöÇ
­ƒôè Verificaci├│n de Columnas Cr├¡ticas
ÔöÇÔöÇÔöÇÔöÇÔöÇÔöÇÔöÇÔöÇÔöÇÔöÇÔöÇÔöÇÔöÇÔöÇÔöÇÔöÇÔöÇÔöÇÔöÇÔöÇÔöÇÔöÇÔöÇÔöÇÔöÇÔöÇÔöÇÔöÇÔöÇÔöÇÔöÇÔöÇÔöÇÔöÇÔöÇÔöÇÔöÇÔöÇÔöÇÔöÇÔöÇÔöÇÔöÇÔöÇÔöÇÔöÇÔöÇÔöÇÔöÇÔöÇÔöÇÔöÇÔöÇÔöÇÔöÇÔöÇÔöÇÔöÇÔöÇÔöÇÔöÇÔöÇÔöÇÔöÇÔöÇÔöÇÔöÇÔöÇÔöÇÔöÇÔöÇÔöÇÔöÇÔöÇÔöÇÔöÇÔöÇÔöÇÔöÇÔöÇ
Ô£à Todas las columnas cr├¡ticas presentes

ÔöÇÔöÇÔöÇÔöÇÔöÇÔöÇÔöÇÔöÇÔöÇÔöÇÔöÇÔöÇÔöÇÔöÇÔöÇÔöÇÔöÇÔöÇÔöÇÔöÇÔöÇÔöÇÔöÇÔöÇÔöÇÔöÇÔöÇÔöÇÔöÇÔöÇÔöÇÔöÇÔöÇÔöÇÔöÇÔöÇÔöÇÔöÇÔöÇÔöÇÔöÇÔöÇÔöÇÔöÇÔöÇÔöÇÔöÇÔöÇÔöÇÔöÇÔöÇÔöÇÔöÇÔöÇÔöÇÔöÇÔöÇÔöÇÔöÇÔöÇÔöÇÔöÇÔöÇÔöÇÔöÇÔöÇÔöÇÔöÇÔöÇÔöÇÔöÇÔöÇÔöÇÔöÇÔöÇÔöÇÔöÇÔöÇÔöÇÔöÇ
­ƒôè Estad├¡sticas de la Variable Target (points)
ÔöÇÔöÇÔöÇÔöÇÔöÇÔöÇÔöÇÔöÇÔöÇÔöÇÔöÇÔöÇÔöÇÔöÇÔöÇÔöÇÔöÇÔöÇÔöÇÔöÇÔöÇÔöÇÔöÇÔöÇÔöÇÔöÇÔöÇÔöÇÔöÇÔöÇÔöÇÔöÇÔöÇÔöÇÔöÇÔöÇÔöÇÔöÇÔöÇÔöÇÔöÇÔöÇÔöÇÔöÇÔöÇÔöÇÔöÇÔöÇÔöÇÔöÇÔöÇÔöÇÔöÇÔöÇÔöÇÔöÇÔöÇÔöÇÔöÇÔöÇÔöÇÔöÇÔöÇÔöÇÔöÇÔöÇÔöÇÔöÇÔöÇÔöÇÔöÇÔöÇÔöÇÔöÇÔöÇÔöÇÔöÇÔöÇÔöÇÔöÇ
   Count: 91824
   Mean: 6.50
   Std: 8.70
   Min: 0.00
   25%: 0.00
   50%: 2.00
   75%: 11.00
   Max: 73.00
   NaN: 0

ÔöÇÔöÇÔöÇÔöÇÔöÇÔöÇÔöÇÔöÇÔöÇÔöÇÔöÇÔöÇÔöÇÔöÇÔöÇÔöÇÔöÇÔöÇÔöÇÔöÇÔöÇÔöÇÔöÇÔöÇÔöÇÔöÇÔöÇÔöÇÔöÇÔöÇÔöÇÔöÇÔöÇÔöÇÔöÇÔöÇÔöÇÔöÇÔöÇÔöÇÔöÇÔöÇÔöÇÔöÇÔöÇÔöÇÔöÇÔöÇÔöÇÔöÇÔöÇÔöÇÔöÇÔöÇÔöÇÔöÇÔöÇÔöÇÔöÇÔöÇÔöÇÔöÇÔöÇÔöÇÔöÇÔöÇÔöÇÔöÇÔöÇÔöÇÔöÇÔöÇÔöÇÔöÇÔöÇÔöÇÔöÇÔöÇÔöÇÔöÇ
­ƒôè Verificaci├│n de Ordenamiento Temporal
ÔöÇÔöÇÔöÇÔöÇÔöÇÔöÇÔöÇÔöÇÔöÇÔöÇÔöÇÔöÇÔöÇÔöÇÔöÇÔöÇÔöÇÔöÇÔöÇÔöÇÔöÇÔöÇÔöÇÔöÇÔöÇÔöÇÔöÇÔöÇÔöÇÔöÇÔöÇÔöÇÔöÇÔöÇÔöÇÔöÇÔöÇÔöÇÔöÇÔöÇÔöÇÔöÇÔöÇÔöÇÔöÇÔöÇÔöÇÔöÇÔöÇÔöÇÔöÇÔöÇÔöÇÔöÇÔöÇÔöÇÔöÇÔöÇÔöÇÔöÇÔöÇÔöÇÔöÇÔöÇÔöÇÔöÇÔöÇÔöÇÔöÇÔöÇÔöÇÔöÇÔöÇÔöÇÔöÇÔöÇÔöÇÔöÇÔöÇÔöÇ
   Ô£à Datos ordenados cronol├│gicamente por jugador

================================================================================
­ƒöì PASO 3: INICIALIZACI├ôN DE FEATURE ENGINEER
================================================================================
Creando PointsFeatureEngineer...
Ô£à PointsFeatureEngineer inicializado
   Windows: {'short': 3, 'medium': 10, 'long': 20, 'season': 30}
   Teams DF: Ô£à
   Players DF: Ô£à
   Quarters DF: Ô£à

================================================================================
­ƒöì PASO 4: GENERACI├ôN DE FEATURES
================================================================================

ÔöÇÔöÇÔöÇÔöÇÔöÇÔöÇÔöÇÔöÇÔöÇÔöÇÔöÇÔöÇÔöÇÔöÇÔöÇÔöÇÔöÇÔöÇÔöÇÔöÇÔöÇÔöÇÔöÇÔöÇÔöÇÔöÇÔöÇÔöÇÔöÇÔöÇÔöÇÔöÇÔöÇÔöÇÔöÇÔöÇÔöÇÔöÇÔöÇÔöÇÔöÇÔöÇÔöÇÔöÇÔöÇÔöÇÔöÇÔöÇÔöÇÔöÇÔöÇÔöÇÔöÇÔöÇÔöÇÔöÇÔöÇÔöÇÔöÇÔöÇÔöÇÔöÇÔöÇÔöÇÔöÇÔöÇÔöÇÔöÇÔöÇÔöÇÔöÇÔöÇÔöÇÔöÇÔöÇÔöÇÔöÇÔöÇÔöÇÔöÇ
­ƒôè Preparando Muestra de Datos
ÔöÇÔöÇÔöÇÔöÇÔöÇÔöÇÔöÇÔöÇÔöÇÔöÇÔöÇÔöÇÔöÇÔöÇÔöÇÔöÇÔöÇÔöÇÔöÇÔöÇÔöÇÔöÇÔöÇÔöÇÔöÇÔöÇÔöÇÔöÇÔöÇÔöÇÔöÇÔöÇÔöÇÔöÇÔöÇÔöÇÔöÇÔöÇÔöÇÔöÇÔöÇÔöÇÔöÇÔöÇÔöÇÔöÇÔöÇÔöÇÔöÇÔöÇÔöÇÔöÇÔöÇÔöÇÔöÇÔöÇÔöÇÔöÇÔöÇÔöÇÔöÇÔöÇÔöÇÔöÇÔöÇÔöÇÔöÇÔöÇÔöÇÔöÇÔöÇÔöÇÔöÇÔöÇÔöÇÔöÇÔöÇÔöÇÔöÇÔöÇ
   Jugadores con 30+ juegos: 663
   Muestra seleccionada: 10 jugadores
   Total juegos en muestra: 1512
   Jugadores: ['A.J. Lawson', 'AJ Green', 'AJ Griffin', 'AJ Johnson', 'Aaron Gordon']...

­ƒö╣ DataFrame de Muestra (ANTES de features)
   Shape: (1512, 74)
   Index type: <class 'pandas.core.indexes.base.Index'>
   Index name: None
   Columns: 74
   Memory usage: 1.47 MB
   Ô£à No NaN values
   Ô£à No duplicate indices

   Data types:
      - int64: 41 columns
      - float64: 23 columns
      - object: 7 columns
      - bool: 2 columns
      - datetime64[ns]: 1 columns

­ƒôî CHECKPOINT: ├ìndice original guardado
   Shape original: (1512, 74)
   Index type: <class 'pandas.core.indexes.base.Index'>

ÔöÇÔöÇÔöÇÔöÇÔöÇÔöÇÔöÇÔöÇÔöÇÔöÇÔöÇÔöÇÔöÇÔöÇÔöÇÔöÇÔöÇÔöÇÔöÇÔöÇÔöÇÔöÇÔöÇÔöÇÔöÇÔöÇÔöÇÔöÇÔöÇÔöÇÔöÇÔöÇÔöÇÔöÇÔöÇÔöÇÔöÇÔöÇÔöÇÔöÇÔöÇÔöÇÔöÇÔöÇÔöÇÔöÇÔöÇÔöÇÔöÇÔöÇÔöÇÔöÇÔöÇÔöÇÔöÇÔöÇÔöÇÔöÇÔöÇÔöÇÔöÇÔöÇÔöÇÔöÇÔöÇÔöÇÔöÇÔöÇÔöÇÔöÇÔöÇÔöÇÔöÇÔöÇÔöÇÔöÇÔöÇÔöÇÔöÇÔöÇ
­ƒôè Generando Features
ÔöÇÔöÇÔöÇÔöÇÔöÇÔöÇÔöÇÔöÇÔöÇÔöÇÔöÇÔöÇÔöÇÔöÇÔöÇÔöÇÔöÇÔöÇÔöÇÔöÇÔöÇÔöÇÔöÇÔöÇÔöÇÔöÇÔöÇÔöÇÔöÇÔöÇÔöÇÔöÇÔöÇÔöÇÔöÇÔöÇÔöÇÔöÇÔöÇÔöÇÔöÇÔöÇÔöÇÔöÇÔöÇÔöÇÔöÇÔöÇÔöÇÔöÇÔöÇÔöÇÔöÇÔöÇÔöÇÔöÇÔöÇÔöÇÔöÇÔöÇÔöÇÔöÇÔöÇÔöÇÔöÇÔöÇÔöÇÔöÇÔöÇÔöÇÔöÇÔöÇÔöÇÔöÇÔöÇÔöÇÔöÇÔöÇÔöÇÔöÇ
Llamando a generate_all_features()...
Este proceso puede tomar varios minutos...

ÔØî ERROR generando features: 'player_overall_avg'

================================================================================
ÔØî TEST FALL├ô - Revisar logs arriba
================================================================================
